// Jest Snapshot v1, https://goo.gl/fbAQLP

exports[`Board component Should match a snapshot 1`] = `
<div>
  <div
    class="board"
    data-testid="board"
  >
    <button
      class="squares 1"
    >
      1
    </button>
    <button
      class="squares 2"
    >
      2
    </button>
    <button
      class="squares 3"
    >
      3
    </button>
    <button
      class="squares 4"
    >
      4
    </button>
    <button
      class="squares 5"
    >
      5
    </button>
    <button
      class="squares 6"
    >
      6
    </button>
    <button
      class="squares 7"
    >
      7
    </button>
    <button
      class="squares 8"
    >
      8
    </button>
    <button
      class="squares 9"
    >
      9
    </button>
  </div>
</div>
`;
